{"clusters": [{"top_documents": [{"product": "firefox", "locale": "en-US", "timestamp": "1277922523", "platform": "mac", "version": "4.0b1", "url": "", "text": "no tabs on top for OS X?", "device": "", "type": "issue", "id": "346", "manufacturer": ""}, {"product": "firefox", "locale": "en-US", "timestamp": "1277906089", "platform": "mac", "version": "4.0b1", "url": "", "text": "sometimes firefox crashes, don't know why\u2026 7-8 tabs opened, CPU and RAM free\u2026 on macbook white 13\" intel core 2 duo, 2 Gb RAM, osx 10.5.8", "device": "", "type": "issue", "id": "288", "manufacturer": ""}, {"product": "firefox", "locale": "en-US", "timestamp": "1277952281", "platform": "win7", "version": "4.0b1", "url": "", "text": "Why not tabs next to menu at very top like Opera. Gain alittle more screen space. Or use a firefox logo as a menu globe (like office 2007)", "device": "", "type": "issue", "id": "417", "manufacturer": ""}, {"product": "firefox", "locale": "en-US", "timestamp": "1277845095", "platform": "mac", "version": "4.0b1", "url": "", "text": "4.0 beta 1 candidate tabs on top implementation in Mac OSX is refined, need to be more akin to the original 4.0 mockup screens from the wiki", "device": "", "type": "issue", "id": "61", "manufacturer": ""}, {"product": "firefox", "locale": "en-US", "timestamp": "1277948379", "platform": "win7", "version": "4.0b1", "url": "", "text": "The new theme, the Addon's Manager Tab, the Firefox button are all great, it's very fast and it looks really beautifull in XP and  7", "device": "", "type": "praise", "id": "411", "manufacturer": ""}, {"product": "firefox", "locale": "en-US", "timestamp": "1277942777", "platform": "win7", "version": "4.0b1", "url": "", "text": "the big Firefox button doesn't fit with any established standards of the OS, not even matching the Win 7/Office 2010 ribbon rectangle thing", "device": "", "type": "issue", "id": "396", "manufacturer": ""}, {"product": "firefox", "locale": "en-US", "timestamp": "1277857473", "platform": "mac", "version": "4.0b1", "url": "http://www.mozilla.com/en-US/firefox/4.0b1/whatsnew/", "text": "I was looking forward to the new tabs on the 4 beta release for Mac, but it's the exact same as before. Other than that I love Firefox =)", "device": "", "type": "issue", "id": "126", "manufacturer": ""}, {"product": "firefox", "locale": "en-US", "timestamp": "1277848074", "platform": "mac", "version": "4.0b1", "url": "", "text": "i get confused in changing the fonts...As you know, the fonts in Mac OS is so small that i feel tired to view the webpages.", "device": "", "type": "issue", "id": "81", "manufacturer": ""}, {"product": "firefox", "locale": "en-US", "timestamp": "1277846135", "platform": "mac", "version": "4.0b1", "url": "", "text": "It increase customization options, and I feel it faster. In Mac, it need a better \"look&feel\" when it's set \"tabs on top\".", "device": "", "type": "praise", "id": "69", "manufacturer": ""}, {"product": "firefox", "locale": "en-US", "timestamp": "1277885143", "platform": "mac", "version": "4.0b1", "url": "", "text": "remove the title of the current page from the top move the address bar and nav buttons up there. leave the tab to tell the page title.", "device": "", "type": "issue", "id": "208", "manufacturer": ""}]}, {"top_documents": [{"product": "firefox", "locale": "en-US", "timestamp": "1277923279", "platform": "linux", "version": "4.0b1", "url": "", "text": "I can't reposition the bookmark drop down button you just added to my browser, nor can i just remove it.", "device": "", "type": "issue", "id": "348", "manufacturer": ""}, {"product": "firefox", "locale": "en-US", "timestamp": "1277971027", "platform": "vista", "version": "4.0b1", "url": "", "text": "in firefox 3.6.x I hid the caption bar and the menu. I can't hide the menubar under 4.0. I'd really like to. I open it using the ALT key.", "device": "", "type": "issue", "id": "464", "manufacturer": ""}, {"product": "firefox", "locale": "en-US", "timestamp": "1277977260", "platform": "mac", "version": "4.0b1", "url": "", "text": "Though it's still in early beta you instantly feel how the browser is quicker in response and page load times. 64bit finally. Very nice. THX", "device": "", "type": "praise", "id": "493", "manufacturer": ""}, {"product": "firefox", "locale": "en-US", "timestamp": "1277892352", "platform": "linux", "version": "4.0b1", "url": "", "text": "seems you guys didn't care about firefox 4 beta 1 on linux, where is the new ui? all I can see is u guys changed the bookmarks...", "device": "", "type": "issue", "id": "232", "manufacturer": ""}, {"product": "firefox", "locale": "en-US", "timestamp": "1277884593", "platform": "linux", "version": "4.0b1", "url": "", "text": "I like that typing something into awesome-bar makes a Google search and takes me to the first result, ie. it's making me feel lucky :)", "device": "", "type": "praise", "id": "205", "manufacturer": ""}, {"product": "firefox", "locale": "en-US", "timestamp": "1277866854", "platform": "mac", "version": "4.0b1", "url": "", "text": "I'm expected to see an integrated download manager into the browser because the mini pop up window thing is cluttering my desktop", "device": "", "type": "issue", "id": "153", "manufacturer": ""}, {"product": "firefox", "locale": "en-US", "timestamp": "1277964699", "platform": "mac", "version": "4.0b1", "url": "", "text": "On windows 7 there is no minimize, maximize, or close function on the upper left corner of the browser. =[", "device": "", "type": "issue", "id": "446", "manufacturer": ""}, {"product": "firefox", "locale": "en-US", "timestamp": "1277963532", "platform": "win7", "version": "4.0b2pre", "url": "", "text": "because give me customization to level like no one other offer, I literraly making endorphin a lot every time to use this browser.", "device": "", "type": "praise", "id": "439", "manufacturer": ""}, {"product": "firefox", "locale": "en-US", "timestamp": "1277886506", "platform": "mac", "version": "4.0b1", "url": "", "text": "The new version adds a Bookmarks menu on the toolbar, can you switch it off, I don't want it there. Thanks.", "device": "", "type": "issue", "id": "215", "manufacturer": ""}, {"product": "firefox", "locale": "en-US", "timestamp": "1277899328", "platform": "mac", "version": "4.0b1", "url": "", "text": "The refined UI is great! Of course the bookmarks organization tool could be done the same way that the Add-ons window is done..", "device": "", "type": "praise", "id": "263", "manufacturer": ""}]}, {"top_documents": [{"product": "firefox", "locale": "en-US", "timestamp": "1277921403", "platform": "mac", "version": "4.0b1", "url": "", "text": "It is buttloads faster than the old firefox.", "device": "", "type": "praise", "id": "341", "manufacturer": ""}, {"product": "firefox", "locale": "en-US", "timestamp": "1277951918", "platform": "linux", "version": "4.0b1", "url": "", "text": "firefox starts faster now, it has a more usable interface, it has great features like firefox sync, it's open source, it's getting better!", "device": "", "type": "praise", "id": "416", "manufacturer": ""}, {"product": "firefox", "locale": "en-US", "timestamp": "1277901111", "platform": "mac", "version": "4.0b1", "url": "", "text": "It still goes to the first google result when typing a seach term into the awesome bar, even though there is no longer a search bar", "device": "", "type": "issue", "id": "270", "manufacturer": ""}, {"product": "firefox", "locale": "en-US", "timestamp": "1277916285", "platform": "linux", "version": "4.0b1", "url": "", "text": "Firefox is slow on Linux compared to the Windows version. 4.0 Beta 1 still has old and imposing interface.", "device": "", "type": "issue", "id": "325", "manufacturer": ""}, {"product": "firefox", "locale": "en-US", "timestamp": "1277967734", "platform": "win", "version": "4.0b2pre", "url": "", "text": "launch and shut down speed much improved :) Now installing and removing addons or themes is much easier and faster.", "device": "", "type": "praise", "id": "450", "manufacturer": ""}, {"product": "firefox", "locale": "en-US", "timestamp": "1277957109", "platform": "win7", "version": "4.0b2pre", "url": "http://skydrive.live.com/home.aspx", "text": "it lacks the ability to use microsofts in browser word, exccel, one not, and powerpoint editer", "device": "", "type": "issue", "id": "428", "manufacturer": ""}, {"product": "firefox", "locale": "en-US", "timestamp": "1277845154", "platform": "mac", "version": "4.0b1", "url": "", "text": "4.0 Beta 1 Candidate for Mac OSX (64-bit version) is much faster to start up", "device": "", "type": "praise", "id": "63", "manufacturer": ""}, {"product": "firefox", "locale": "en-US", "timestamp": "1277859468", "platform": "linux", "version": "4.0b1", "url": "", "text": "Pages seem to load faster than before. Add-on menu offers more control. Looks cleaner.", "device": "", "type": "praise", "id": "138", "manufacturer": ""}, {"product": "firefox", "locale": "en-US", "timestamp": "1277872155", "platform": "linux", "version": "4.0b1", "url": "", "text": "It is too slow to start the browser. On Ubuntu x64 10.04 for more than 6 seceonds", "device": "", "type": "issue", "id": "172", "manufacturer": ""}, {"product": "firefox", "locale": "en-US", "timestamp": "1277856077", "platform": "linux", "version": "4.0b1", "url": "", "text": "Seems to load and render pages faster on ubuntu 10.04 i686 Eee1008ha", "device": "", "type": "praise", "id": "120", "manufacturer": ""}]}, {"top_documents": [{"product": "firefox", "locale": "en-US", "timestamp": "1277880170", "platform": "mac", "version": "4.0b1", "url": "", "text": "It's fast! :)", "device": "", "type": "praise", "id": "194", "manufacturer": ""}, {"product": "firefox", "locale": "en-US", "timestamp": "1277844314", "platform": "linux", "version": "4.0b1", "url": "", "text": "Download speed does not reflect current speed. eg: If the DL starts at 500kb/s and than 100b/s, the speed shown will still be fast for long.", "device": "", "type": "issue", "id": "58", "manufacturer": ""}, {"product": "firefox", "locale": "en-US", "timestamp": "1277912896", "platform": "mac", "version": "4.0b1", "url": "", "text": "Firefox 4.0 Beta 1 is fast!  I wish there was flash support so I can view more website content, but the speed is making up for it so far...", "device": "", "type": "praise", "id": "317", "manufacturer": ""}, {"product": "firefox", "locale": "en-US", "timestamp": "1277942377", "platform": "linux", "version": "4.0b1", "url": "", "text": "Hyper fast and stable! The only thing that's still bugging me is youtube.com movies-a bit overloading my cpu but there is a big difference!", "device": "", "type": "praise", "id": "394", "manufacturer": ""}, {"product": "firefox", "locale": "en-US", "timestamp": "1277839450", "platform": "mac", "version": "4.0b1", "url": "", "text": "It broke all of my addons.  I hope your plans for addons that don't break between updates come to fruition!", "device": "", "type": "issue", "id": "29", "manufacturer": ""}, {"product": "firefox", "locale": "en-US", "timestamp": "1277908703", "platform": "mac", "version": "4.0b1", "url": "", "text": "The toolbars and general UI take up less space, so i can see more of the web pages I visit :)", "device": "", "type": "praise", "id": "308", "manufacturer": ""}, {"product": "firefox", "locale": "en-US", "timestamp": "1277908452", "platform": "mac", "version": "4.0b1", "url": "", "text": "Tabs on top doesn't look as nice on OSX as it does on Windows 7 :(", "device": "", "type": "issue", "id": "307", "manufacturer": ""}, {"product": "firefox", "locale": "en-US", "timestamp": "1277890911", "platform": "mac", "version": "4.0b1", "url": "", "text": "The add'on Compatibility Reporter isn't available for the moment for Firefox 4.0b1 :(", "device": "", "type": "issue", "id": "225", "manufacturer": ""}, {"product": "firefox", "locale": "en-US", "timestamp": "1277901004", "platform": "mac", "version": "4.0b1", "url": "", "text": "html5test com 189 point, is the hiest I have seen so far :)", "device": "", "type": "praise", "id": "269", "manufacturer": ""}, {"product": "firefox", "locale": "en-US", "timestamp": "1277938209", "platform": "mac", "version": "4.0b1", "url": "", "text": "the alpha releases are so stable, and much better than any other's BETA/RC's :)", "device": "", "type": "praise", "id": "391", "manufacturer": ""}]}, {"top_documents": [{"product": "firefox", "locale": "en-US", "timestamp": "1277923076", "platform": "mac", "version": "4.0b1", "url": "", "text": "I love firefox", "device": "", "type": "praise", "id": "347", "manufacturer": ""}, {"product": "firefox", "locale": "en-US", "timestamp": "1277849189", "platform": "linux", "version": "4.0b1", "url": "", "text": "Testing 4.0 Beta 1 on linux x64 right now and still don't see any good user interface improvements being made. I'd love to see Fx risk sth.", "device": "", "type": "issue", "id": "88", "manufacturer": ""}, {"product": "firefox", "locale": "en-US", "timestamp": "1277838886", "platform": "mac", "version": "4.0b1", "url": "", "text": "I don't like having a \"Bookmarks\" drop-down in the Bookmarks Toolbar, it takes up valuable real-estate.  Make it an option to show/hide.", "device": "", "type": "issue", "id": "24", "manufacturer": ""}, {"product": "firefox", "locale": "en-US", "timestamp": "1277838365", "platform": "mac", "version": "4.0b1", "url": "", "text": "I think we can all agree the Gecko rendering engine is lagging behind Webkit. Dragging Gecko along at this point is counterproductive.", "device": "", "type": "issue", "id": "22", "manufacturer": ""}, {"product": "firefox", "locale": "en-US", "timestamp": "1277906466", "platform": "mac", "version": "4.0b1", "url": "", "text": "I noticed that Mozilla\u2019s Favicon looks kind of bad now on any background besides white. You guys deserve better!", "device": "", "type": "issue", "id": "295", "manufacturer": ""}, {"product": "firefox", "locale": "en-US", "timestamp": "1277944129", "platform": "win7", "version": "4.0b1", "url": "", "text": "i like the new clearly theme but i think some users want the old back so you can import both^^", "device": "", "type": "praise", "id": "401", "manufacturer": ""}, {"product": "firefox", "locale": "en-US", "timestamp": "1277906603", "platform": "mac", "version": "4.0b1", "url": "", "text": "Absolutely love the new interface graphics\u2014now if only the Search bar can match with the new rounded corners\u2026", "device": "", "type": "praise", "id": "297", "manufacturer": ""}, {"product": "firefox", "locale": "en-US", "timestamp": "1277840372", "platform": "mac", "version": "4.0b1", "url": "", "text": "Faster and more organized.    I loved the addons in a window.   Great job! I hope the addons become compatible ASAP.", "device": "", "type": "praise", "id": "34", "manufacturer": ""}, {"product": "firefox", "locale": "en-US", "timestamp": "1277972395", "platform": "linux", "version": "4.0b1", "url": "", "text": "I moved the Bookmark Toolbar. When I clicked View Bookmark Toolbar it removed navigation toolbar", "device": "", "type": "issue", "id": "472", "manufacturer": ""}, {"product": "firefox", "locale": "en-US", "timestamp": "1277868442", "platform": "mac", "version": "4.0b1", "url": "", "text": "I do like the new icons; they look sharper. Also, the new \"loading\" wheels are clever.", "device": "", "type": "praise", "id": "159", "manufacturer": ""}]}, {"top_documents": [{"product": "firefox", "locale": "", "timestamp": "1277902482", "platform": "linux", "version": "4.0b1", "url": "", "text": "The Windows interface is better to be honest. Linux interface should be improved", "device": "", "type": "issue", "id": "278", "manufacturer": ""}, {"product": "firefox", "locale": "en-US", "timestamp": "1277976916", "platform": "win7", "version": "4.0b1", "url": "http://crash-stats.mozilla.com/query/query", "text": "mozilla-labs test pilot popup window crashes whole firefox 4.0beta1(build2), see crashreporter website for crash feedback", "device": "", "type": "issue", "id": "490", "manufacturer": ""}, {"product": "firefox", "locale": "en-US", "timestamp": "1277915140", "platform": "mac", "version": "4.0b1", "url": "", "text": "when i open a link from my twitter client and firefox is closed, it opens two new windows for some reason which is annoying", "device": "", "type": "issue", "id": "322", "manufacturer": ""}, {"product": "firefox", "locale": "en-US", "timestamp": "1277859950", "platform": "linux", "version": "4.0b1", "url": "", "text": "The font rendering on Linux doesn't respect either gconf settings or fonts.conf hinting settings", "device": "", "type": "issue", "id": "140", "manufacturer": ""}, {"product": "firefox", "locale": "", "timestamp": "1277897040", "platform": "linux", "version": "4.0b1", "url": "", "text": "The Exchange 2010 Outlook Web App stops responding after a few minutes.", "device": "", "type": "issue", "id": "250", "manufacturer": ""}, {"product": "firefox", "locale": "en-US", "timestamp": "1277902860", "platform": "mac", "version": "4.0b1", "url": "", "text": "The cursor changes to a hand while hovering over a link while selecting a text", "device": "", "type": "issue", "id": "279", "manufacturer": ""}, {"product": "firefox", "locale": "en-US", "timestamp": "1277918640", "platform": "mac", "version": "4.0b1", "url": "", "text": "The new ability to strech text forms is very hand.", "device": "", "type": "praise", "id": "333", "manufacturer": ""}, {"product": "firefox", "locale": "en-US", "timestamp": "1277869604", "platform": "linux", "version": "4.0b1", "url": "", "text": "Theme dosen't change in Linux (using beta 1)", "device": "", "type": "issue", "id": "165", "manufacturer": ""}, {"product": "firefox", "locale": "en-US", "timestamp": "1277911445", "platform": "linux", "version": "4.0b1", "url": "", "text": "The user experience is more snappy on my common web pages.", "device": "", "type": "praise", "id": "314", "manufacturer": ""}, {"product": "firefox", "locale": "en-US", "timestamp": "1277925512", "platform": "mac", "version": "4.0b1", "url": "", "text": "the feedback bubble pops up on the wrong space in mac-os-x", "device": "", "type": "issue", "id": "354", "manufacturer": ""}]}, {"top_documents": [{"product": "firefox", "locale": "en-US", "timestamp": "1277921724", "platform": "mac", "version": "4.0b1", "url": "", "text": "Change the theme. I hate chrome ...", "device": "", "type": "issue", "id": "343", "manufacturer": ""}, {"product": "firefox", "locale": "en-US", "timestamp": "1277926239", "platform": "mac", "version": "4.0b1", "url": "", "text": "Eliminating Status Bar is good, not having any indication where a link goes BAD.  Chrome's status bar pops up only when needed, this is idea", "device": "", "type": "issue", "id": "360", "manufacturer": ""}, {"product": "firefox", "locale": "en-US", "timestamp": "1277881364", "platform": "mac", "version": "4.0b1", "url": "", "text": "too slow, I need a web browser that had lots of add-ons like ff and also fast like Chrome. Plz fix this!", "device": "", "type": "issue", "id": "196", "manufacturer": ""}, {"product": "firefox", "locale": "en-US", "timestamp": "1277931566", "platform": "mac", "version": "4.0b1", "url": "http://www.mysteryquest.org/weblog/", "text": "Margins and sizes are not calculated properly here, Safari 2+, Chrome 1+, IE 7+ do that correctly and I think FF < 3.5 too", "device": "", "type": "issue", "id": "375", "manufacturer": ""}, {"product": "firefox", "locale": "en-US", "timestamp": "1277976513", "platform": "win7", "version": "4.0b2pre", "url": "", "text": "when menubar is hidden, aero theme is activated, firefox window is maximized, i can't restore firefox window by dragging its titlebar", "device": "", "type": "issue", "id": "489", "manufacturer": ""}, {"product": "firefox", "locale": "en-US", "timestamp": "1277925664", "platform": "mac", "version": "4.0b1", "url": "", "text": "firefox consumes way too much resources compared to chrome 4% cpu compared to 0% cpu with same pages loaded", "device": "", "type": "issue", "id": "355", "manufacturer": ""}, {"product": "firefox", "locale": "en-US", "timestamp": "1277846086", "platform": "mac", "version": "4.0b1", "url": "", "text": "IE8 and Chrome come with elegant developer tools. FF4 doesn't. And Firebug isn't current yet.", "device": "", "type": "issue", "id": "68", "manufacturer": ""}, {"product": "firefox", "locale": "en-US", "timestamp": "1277861654", "platform": "mac", "version": "4.0b1", "url": "", "text": "The default theme on mac says it's incompatible with the browser (4.0b1). Really?", "device": "", "type": "issue", "id": "142", "manufacturer": ""}, {"product": "firefox", "locale": "pt-BR", "timestamp": "1277907710", "platform": "linux", "version": "4.0b1", "url": "", "text": "Here, I have FFv4 and there, an other person has FFv3, but the default theme here is v3.6's and there is v4.0's! My profile is from v3.", "device": "", "type": "issue", "id": "304", "manufacturer": ""}, {"product": "firefox", "locale": "pt-BR", "timestamp": "1277907978", "platform": "linux", "version": "4.0b1", "url": "", "text": "In Tools -> Addons -> Themes, Default 4.0b1 is Incompatible with Firefox 4.0b1!", "device": "", "type": "issue", "id": "306", "manufacturer": ""}]}, {"top_documents": [{"product": "firefox", "locale": "en-US", "timestamp": "1277878808", "platform": "mac", "version": "4.0b1", "url": "", "text": "Flash player 10.1 does not install correctly.", "device": "", "type": "issue", "id": "190", "manufacturer": ""}, {"product": "firefox", "locale": "en-US", "timestamp": "1277931195", "platform": "mac", "version": "4.0b1", "url": "http://speedtest.net/", "text": "flash 10.1 running in a separate process shows up as an icon in my dock. It's confusing to say the least...", "device": "", "type": "issue", "id": "373", "manufacturer": ""}, {"product": "firefox", "locale": "en-US", "timestamp": "1277878209", "platform": "mac", "version": "4.0b1", "url": "", "text": "Adobe Flash does not work on Youtube and presumably with other flash videos.", "device": "", "type": "issue", "id": "188", "manufacturer": ""}, {"product": "firefox", "locale": "en-US", "timestamp": "1277847868", "platform": "mac", "version": "4.0b1", "url": "", "text": "Adobe Flash will not install - & it is working on safari.", "device": "", "type": "issue", "id": "79", "manufacturer": ""}, {"product": "firefox", "locale": "en-US", "timestamp": "1277863946", "platform": "mac", "version": "4.0b1", "url": "http://perezhilton.com/", "text": "the flash plugin does not work", "device": "", "type": "issue", "id": "146", "manufacturer": ""}, {"product": "firefox", "locale": "en-US", "timestamp": "1277929951", "platform": "mac", "version": "4.0b1", "url": "http://www.globalgiving.org/projects2/hungary-historic-castle-rebuilding/", "text": "This page did not load correctly", "device": "", "type": "issue", "id": "369", "manufacturer": ""}, {"product": "firefox", "locale": "en-US", "timestamp": "1277971264", "platform": "mac", "version": "4.0b1", "url": "", "text": "the video player isn't displayed", "device": "", "type": "issue", "id": "467", "manufacturer": ""}, {"product": "firefox", "locale": "", "timestamp": "1277968896", "platform": "mac", "version": "4.0b1", "url": "", "text": "Hi, I'm on mac, using Adobe Flash Player 10.1 \"Gala\" Prerelease. Firefox 4.0 b1 doesn't recognize it, says I need to install Flash Player", "device": "", "type": "issue", "id": "458", "manufacturer": ""}, {"product": "firefox", "locale": "en-US", "timestamp": "1277919967", "platform": "mac", "version": "4.0b1", "url": "", "text": "installed flash player, but firefox is not detecting it.", "device": "", "type": "issue", "id": "337", "manufacturer": ""}, {"product": "firefox", "locale": "en-US", "timestamp": "1277902045", "platform": "mac", "version": "4.0b1", "url": "", "text": "Downloading Flash Player always fails", "device": "", "type": "issue", "id": "273", "manufacturer": ""}]}, {"top_documents": [{"product": "firefox", "locale": "en-US", "timestamp": "1277906387", "platform": "mac", "version": "4.0b1", "url": "", "text": "Why even bother with the status bar? I would rather see information floating in place than have a dedicated strip that eats up pixels.", "device": "", "type": "issue", "id": "293", "manufacturer": ""}, {"product": "firefox", "locale": "en-US", "timestamp": "1277857988", "platform": "mac", "version": "4.0b1", "url": "http://www.facebook.com/home.php", "text": "On the facebook main user page, when trying to adjust the box for the status update area, it dosnt display properly", "device": "", "type": "issue", "id": "128", "manufacturer": ""}, {"product": "firefox", "locale": "en-US", "timestamp": "1277858078", "platform": "mac", "version": "4.0b1", "url": "https://mail.google.com/", "text": "The certificate notifier by the address bar, shows the website the cert is registered for, would look better if it said the Title of the sit", "device": "", "type": "issue", "id": "130", "manufacturer": ""}, {"product": "firefox", "locale": "en-US", "timestamp": "1277885561", "platform": "mac", "version": "4.0b1", "url": "", "text": "the page status at the bottom. get rid of it or make it more stream lined. i know when the page is done loading when the pie chart fills", "device": "", "type": "issue", "id": "213", "manufacturer": ""}, {"product": "firefox", "locale": "en-US", "timestamp": "1277885298", "platform": "mac", "version": "4.0b1", "url": "", "text": "when something is typed into the address bar that isnt a domain. use the user defined search engine to search for the terms", "device": "", "type": "issue", "id": "211", "manufacturer": ""}, {"product": "firefox", "locale": "en-US", "timestamp": "1277948908", "platform": "win7", "version": "4.0b1", "url": "", "text": "It's Design is Perfect! I really don't wanna see again the title bar! Tottaly useless! Perfect Design!", "device": "", "type": "praise", "id": "413", "manufacturer": ""}, {"product": "firefox", "locale": "en-US", "timestamp": "1277958767", "platform": "mac", "version": "4.0b1", "url": "", "text": "The persona covers the top bar on my Mac. Thanks, hopefully this Firefox keeps getting better and God bless.", "device": "", "type": "praise", "id": "436", "manufacturer": ""}, {"product": "firefox", "locale": "en-US", "timestamp": "1277837140", "platform": "mac", "version": "4.0b1", "url": "", "text": "tabs on top is ugly on OSX and don't save any vertical space.  They should be integrated with the title bar and not upside down.", "device": "", "type": "issue", "id": "14", "manufacturer": ""}, {"product": "firefox", "locale": "en-US", "timestamp": "1277956593", "platform": "win7", "version": "4.0b1", "url": "", "text": "there is no way currently with the Menu Bar turned off on windows to update firefox manually.", "device": "", "type": "issue", "id": "427", "manufacturer": ""}, {"product": "firefox", "locale": "en-US", "timestamp": "1277977943", "platform": "win7", "version": "4.0b1", "url": "", "text": "the UI (with no menu bar) gets broken with Persona skins", "device": "", "type": "issue", "id": "499", "manufacturer": ""}]}, {"top_documents": [{"product": "firefox", "locale": "en-US", "timestamp": "1277881545", "platform": "mac", "version": "4.0b1", "url": "", "text": "new UI, speed", "device": "", "type": "praise", "id": "197", "manufacturer": ""}, {"product": "firefox", "locale": "en-US", "timestamp": "1277840556", "platform": "mac", "version": "4.0b1", "url": "", "text": "On my Mac I had to delete the ~/Library/Application Support/Firefox Folder to get a working FF4 beta. Before: UI a mess!", "device": "", "type": "issue", "id": "38", "manufacturer": ""}, {"product": "firefox", "locale": "en-US", "timestamp": "1277838036", "platform": "mac", "version": "4.0b1", "url": "", "text": "The new UI looks TERRIBLE with Windows Classic skin. When I use XP this puts me off from using Firefox at all.", "device": "", "type": "issue", "id": "21", "manufacturer": ""}, {"product": "firefox", "locale": "en-US", "timestamp": "1277973725", "platform": "mac", "version": "4.0b1", "url": "", "text": "Look, feel, stability, speed, sexiness - And how!, my friends. This code is dank.", "device": "", "type": "praise", "id": "481", "manufacturer": ""}, {"product": "firefox", "locale": "en-US", "timestamp": "1277917833", "platform": "mac", "version": "4.0b1", "url": "", "text": "new GUI is fantastic on windows and mac. much more compact and usable. <3", "device": "", "type": "praise", "id": "327", "manufacturer": ""}, {"product": "firefox", "locale": "en-US", "timestamp": "1277924786", "platform": "linux", "version": "4.0b1", "url": "", "text": "I've got the NEED for SPEED & I'm feelin' it!!", "device": "", "type": "praise", "id": "352", "manufacturer": ""}, {"product": "firefox", "locale": "en-US", "timestamp": "1277867221", "platform": "mac", "version": "4.0b1", "url": "", "text": "Slow, ugly UI (especially the LOGO)", "device": "", "type": "issue", "id": "156", "manufacturer": ""}, {"product": "firefox", "locale": "en-US", "timestamp": "1277943017", "platform": "win7", "version": "4.0b1", "url": "", "text": "New GUI is perfect, I lite it.", "device": "", "type": "praise", "id": "398", "manufacturer": ""}, {"product": "firefox", "locale": "en-US", "timestamp": "1277873512", "platform": "mac", "version": "4.0b1", "url": "", "text": "FF4 has better UI, which makes me happy most. Also, cheer for higher speed.", "device": "", "type": "praise", "id": "178", "manufacturer": ""}, {"product": "firefox", "locale": "", "timestamp": "1277904179", "platform": "mac", "version": "4.0b1", "url": "", "text": "New design is awesome", "device": "", "type": "praise", "id": "282", "manufacturer": ""}]}]}