{"clusters": [{"top_documents": [{"product": "firefox", "locale": "en-US", "timestamp": "1313051515", "platform": "winxp", "version": "6.0", "url": "", "text": "i like firefox becuase is faster in browsing", "device": "", "type": "praise", "id": "2278184", "manufacturer": ""}, {"product": "firefox", "locale": "fa", "timestamp": "1313052052", "platform": "winxp", "version": "5.0.1", "url": "", "text": "also the other suggestion is that make Firefox with two engines (I mean use Web kit engine for Firefox) because i found that Web kit is faster than Gecko and the other engines.", "device": "", "type": "idea", "id": "2278195", "manufacturer": ""}, {"product": "firefox", "locale": "fa", "timestamp": "1313052133", "platform": "winxp", "version": "5.0.1", "url": "", "text": "I am waiting for your response.\n\nThanks and good luck.\n\nNima Panahi Aram", "device": "", "type": "idea", "id": "2278198", "manufacturer": ""}, {"product": "firefox", "locale": "en-US", "timestamp": "1313051944", "platform": "winxp", "version": "5.0", "url": "http://developer.android.com/reference/android/os/PowerManager.html", "text": "its faster........easy to use.\n\ni like firefox ..............very much....!!!", "device": "", "type": "praise", "id": "2278193", "manufacturer": ""}, {"product": "firefox", "locale": "en-US", "timestamp": "1313051155", "platform": "winxp", "version": "6.0", "url": "", "text": "i like young girls because they are very sweet and energetic", "device": "", "type": "praise", "id": "2278178", "manufacturer": ""}]}, {"top_documents": [{"product": "firefox", "locale": "fa", "timestamp": "1313051727", "platform": "winxp", "version": "5.0.1", "url": "", "text": "View SeaMonkey to use its tab-scrolling feature and create it`s feature for Firefox. (for example when 10 tabs are opens) because bye it`s tab-scrolling feature user can view without any left mouse clicking button that witch tab page is done.", "device": "", "type": "idea", "id": "2278187", "manufacturer": ""}, {"product": "firefox", "locale": "en-US", "timestamp": "1313051271", "platform": "win7", "version": "7.0a2", "url": "", "text": "I'm seeing lag when changing between tabs - using both mouse and Alt+TAB. Sometimes it seems as long as 1 second. Could be tab test addon?", "device": "", "type": "issue", "id": "2278181", "manufacturer": ""}]}, {"top_documents": [{"product": "firefox", "locale": "en-US", "timestamp": "1313051238", "platform": "win7", "version": "6.0", "url": "", "text": "sometimes it stops working :(", "device": "", "type": "issue", "id": "2278180", "manufacturer": ""}, {"product": "firefox", "locale": "hu", "timestamp": "1313052758", "platform": "win7", "version": "5.0.1", "url": "http://www.youarereallynoobs.com/", "text": "This crazy plugin-container.exe always makes me mad! It generates 98% cpu working all the time, and ends in crash. Really annoying!", "device": "", "type": "issue", "id": "2278210", "manufacturer": ""}]}, {"top_documents": [{"product": "firefox", "locale": "en-US", "timestamp": "1313051778", "platform": "winxp", "version": "5.0", "url": "", "text": "The firefox is always hiding its status bar.so what is the procedure to activate status bar?", "device": "", "type": "issue", "id": "2278188", "manufacturer": ""}, {"product": "firefox", "locale": "en-US", "timestamp": "1313051134", "platform": "vista", "version": "5.0", "url": "", "text": "the program crashes too much", "device": "", "type": "issue", "id": "2278177", "manufacturer": ""}]}, {"top_documents": [{"product": "firefox", "locale": "en-US", "timestamp": "1313053027", "platform": "win7", "version": "6.0", "url": "", "text": "in a previous version, every 10 minutes firefox used to close by itself for no reason no matter what website i go to but now its ok", "device": "", "type": "issue", "id": "2278218", "manufacturer": ""}, {"product": "firefox", "locale": "fa", "timestamp": "1313052073", "platform": "winxp", "version": "5.0.1", "url": "", "text": "and at the end, make Firefox with low ram usage for GOD sake please. because i used memory fox add  ones and found that useful and necessary.", "device": "", "type": "idea", "id": "2278196", "manufacturer": ""}]}, {"top_documents": [{"product": "firefox", "locale": "en-US", "timestamp": "1313052077", "platform": "win7", "version": "4.0.1", "url": "", "text": "Do Not Operate XecureWeb program in firefox6.", "device": "", "type": "issue", "id": "2278197", "manufacturer": ""}, {"product": "firefox", "locale": "en-US", "timestamp": "1313052337", "platform": "win7", "version": "4.0.1", "url": "", "text": "XecureWeb program is problems running in Firefox.", "device": "", "type": "idea", "id": "2278203", "manufacturer": ""}]}, {"top_documents": [{"product": "firefox", "locale": "en-US", "timestamp": "1313052764", "platform": "linux", "version": "8.0a1", "url": "http://www.taringa.net/juegos/truco/juego.php", "text": "Hi! A flash pagegame keeps crushing, You have to be logged into taringa.net in order to be admitted to the gameroom.", "device": "", "type": "issue", "id": "2278211", "manufacturer": ""}, {"product": "firefox", "locale": "fi", "timestamp": "1313052224", "platform": "win7", "version": "6.0", "url": "", "text": "Firefox'es UI keeps mostly the same everytime you upgrade it and no major changes are made, it's simple and good.", "device": "", "type": "praise", "id": "2278200", "manufacturer": ""}]}, {"top_documents": [{"product": "firefox", "locale": "en-US", "timestamp": "1313052773", "platform": "winxp", "version": "6.0", "url": "", "text": "really really really  really  really  really  really  really  really  really  really  really  really  really  realy really really fastt !!", "device": "", "type": "praise", "id": "2278212", "manufacturer": ""}, {"product": "firefox", "locale": "de-DE", "timestamp": "1313050886", "platform": "win7", "version": "5.0", "url": "", "text": "Un\u00fcbersichtlich !", "device": "", "type": "issue", "id": "2278171", "manufacturer": ""}]}, {"top_documents": [{"product": "firefox", "locale": "de-DE", "timestamp": "1313052855", "platform": "win7", "version": "6.0", "url": "http://w2.nightcreeps.de/characters/index", "text": "alles ist einfacher und schneller", "device": "", "type": "praise", "id": "2278215", "manufacturer": ""}, {"product": "firefox", "locale": "de-DE", "timestamp": "1313052260", "platform": "mac", "version": "6.0", "url": "", "text": "alle seiten funktionieren und gehen schnell auf.", "device": "", "type": "praise", "id": "2278201", "manufacturer": ""}]}]}